// Jest Snapshot v1, https://goo.gl/fbAQLP

exports[`Pruebas del archivo AddCategory.test.js Son las pruebas del componente <AddCategoryTest/> 1`] = `
<form
  onSubmit={[Function]}
>
  <p />
  <input
    onChange={[Function]}
    placeholder="BÃºsqueda"
    type="text"
    value=""
  />
</form>
`;
